// Jest Snapshot v1, https://goo.gl/fbAQLP

exports[`makeClient should make a client 1`] = `
Client {
  "episode": Episode {
    "axios": [Function],
    "host": "http://api.tvmaze.com/",
  },
  "host": "http://api.tvmaze.com/",
  "season": Season {
    "axios": [Function],
    "host": "http://api.tvmaze.com/",
  },
  "show": Show {
    "axios": [Function],
    "host": "http://api.tvmaze.com/",
  },
}
`;
